**********************
PowerShell transcript start
Start time: 20260519161259
Username: DESKTOP-EUTV28M\User
RunAs User: DESKTOP-EUTV28M\User
Configuration Name: 
Machine: DESKTOP-EUTV28M (Microsoft Windows NT 10.0.19045.0)
Host Application: C:\Program Files\PowerShell\7\pwsh.dll -noexit -command try { . "c:\Users\User\AppData\Local\Programs\Microsoft VS Code\0958016b2a\resources\app\out\vs\workbench\contrib\terminal\common\scripts\shellIntegration.ps1" } catch {}
Process ID: 9636
PSVersion: 7.6.1
PSEdition: Core
GitCommitId: 7.6.1
OS: Microsoft Windows 10.0.19045
Platform: Win32NT
PSCompatibleVersions: 1.0, 2.0, 3.0, 4.0, 5.0, 5.1, 6.0, 7.0
PSRemotingProtocolVersion: 2.4
SerializationVersion: 1.1.0.1
WSManStackVersion: 3.0
**********************
Transcript started, output file is C:\AzureLab\labs\week2-advanced-networking-load-balancer\logs\deploy-20260519-161259.log
Creating VM: vm-web-01
WARNING: Upcoming breaking changes in the cmdlet 'New-AzVM' :
The default VM size will change from 'Standard_D2s_v3' to 'Standard_D2s_v5'.
- This change will take effect on '11/1/2025'
- The change is expected to take effect in Az version : '15.0.0'
- The change is expected to take effect in Az.Compute version : '11.0.0'
Note : Go to https://aka.ms/azps-changewarnings for steps to suppress this breaking change warning, and other information on breaking changes in Azure PowerShell.
You can reference https://aka.ms/findImagePS on how to find VM Images using PowerShell.
>> TerminatingError(New-AzVM): "The running command stopped because the preference variable "ErrorActionPreference" or common parameter is set to Stop: The requested VM size for resource 'Following SKUs have failed for Capacity Restrictions: Standard_B1s' is currently not available in location 'ukwest'. Please try another size or deploy to a different location or different zone. See https://aka.ms/azureskunotavailable for details."
>> TerminatingError(New-AzVM): "The running command stopped because the preference variable "ErrorActionPreference" or common parameter is set to Stop: The requested VM size for resource 'Following SKUs have failed for Capacity Restrictions: Standard_B1s' is currently not available in location 'ukwest'. Please try another size or deploy to a different location or different zone. See https://aka.ms/azureskunotavailable for details."
>> TerminatingError(deploy.ps1): "The running command stopped because the preference variable "ErrorActionPreference" or common parameter is set to Stop: The requested VM size for resource 'Following SKUs have failed for Capacity Restrictions: Standard_B1s' is currently not available in location 'ukwest'. Please try another size or deploy to a different location or different zone. See https://aka.ms/azureskunotavailable for details."
**********************
PowerShell transcript end
End time: 20260519161417
**********************
