**********************
PowerShell transcript start
Start time: 20260519194209
Username: DESKTOP-EUTV28M\User
RunAs User: DESKTOP-EUTV28M\User
Configuration Name: 
Machine: DESKTOP-EUTV28M (Microsoft Windows NT 10.0.19045.0)
Host Application: C:\Program Files\PowerShell\7\pwsh.dll -NoProfile -ExecutionPolicy Bypass -Command Import-Module 'c:\Users\User\.vscode\extensions\ms-vscode.powershell-2025.4.0\modules\PowerShellEditorServices\PowerShellEditorServices.psd1'; Start-EditorServices -HostName 'Visual Studio Code Host' -HostProfileId 'Microsoft.VSCode' -HostVersion '2025.4.0' -BundledModulesPath 'c:\Users\User\.vscode\extensions\ms-vscode.powershell-2025.4.0\modules' -EnableConsoleRepl -StartupBanner "PowerShell Extension v2025.4.0
Copyright (c) Microsoft Corporation.

https://aka.ms/vscode-powershell
Type 'help' to get help.
" -LogLevel 'Warning' -LogPath 'c:\Users\User\AppData\Roaming\Code\logs\20260519T160224\window1\exthost\ms-vscode.powershell' -SessionDetailsPath 'c:\Users\User\AppData\Roaming\Code\User\globalStorage\ms-vscode.powershell\sessions\PSES-VSCode-1212-512716.json' -FeatureFlags @() 
Process ID: 7284
PSVersion: 7.6.1
PSEdition: Core
GitCommitId: 7.6.1
OS: Microsoft Windows 10.0.19045
Platform: Win32NT
PSCompatibleVersions: 1.0, 2.0, 3.0, 4.0, 5.0, 5.1, 6.0, 7.0
PSRemotingProtocolVersion: 2.4
SerializationVersion: 1.1.0.1
WSManStackVersion: 3.0
**********************
Transcript started, output file is C:\AzureLab\labs\week2-advanced-networking-load-balancer\logs\deploy-20260519-194209.log
PS>TerminatingError(New-AzVirtualNetwork): "The running command stopped because the preference variable "ErrorActionPreference" or common parameter is set to Stop: The Resource 'Microsoft.Network/virtualNetworks/vnet-week2' under resource group 'rg-week2-lab' was not found. For more details please go to https://aka.ms/ARMResourceNotFoundFix
StatusCode: 404
ReasonPhrase: Not Found
ErrorCode: ResourceNotFound
ErrorMessage: The Resource 'Microsoft.Network/virtualNetworks/vnet-week2' under resource group 'rg-week2-lab' was not found. For more details please go to https://aka.ms/ARMResourceNotFoundFix
OperationID : 4b3bc24c-9f87-4f5d-b82f-45454a2d01b9"
>> TerminatingError(New-AzVirtualNetwork): "The running command stopped because the preference variable "ErrorActionPreference" or common parameter is set to Stop: The Resource 'Microsoft.Network/virtualNetworks/vnet-week2' under resource group 'rg-week2-lab' was not found. For more details please go to https://aka.ms/ARMResourceNotFoundFix
StatusCode: 404
ReasonPhrase: Not Found
ErrorCode: ResourceNotFound
ErrorMessage: The Resource 'Microsoft.Network/virtualNetworks/vnet-week2' under resource group 'rg-week2-lab' was not found. For more details please go to https://aka.ms/ARMResourceNotFoundFix
OperationID : 4b3bc24c-9f87-4f5d-b82f-45454a2d01b9"
>> TerminatingError(deploy.ps1): "The running command stopped because the preference variable "ErrorActionPreference" or common parameter is set to Stop: The Resource 'Microsoft.Network/virtualNetworks/vnet-week2' under resource group 'rg-week2-lab' was not found. For more details please go to https://aka.ms/ARMResourceNotFoundFix
StatusCode: 404
ReasonPhrase: Not Found
ErrorCode: ResourceNotFound
ErrorMessage: The Resource 'Microsoft.Network/virtualNetworks/vnet-week2' under resource group 'rg-week2-lab' was not found. For more details please go to https://aka.ms/ARMResourceNotFoundFix
OperationID : 4b3bc24c-9f87-4f5d-b82f-45454a2d01b9"
**********************
PowerShell transcript end
End time: 20260519194234
**********************
