**********************
PowerShell transcript start
Start time: 20260519194820
Username: DESKTOP-EUTV28M\User
RunAs User: DESKTOP-EUTV28M\User
Configuration Name: 
Machine: DESKTOP-EUTV28M (Microsoft Windows NT 10.0.19045.0)
Host Application: C:\Program Files\PowerShell\7\pwsh.dll -NoProfile -ExecutionPolicy Bypass -Command Import-Module 'c:\Users\User\.vscode\extensions\ms-vscode.powershell-2025.4.0\modules\PowerShellEditorServices\PowerShellEditorServices.psd1'; Start-EditorServices -HostName 'Visual Studio Code Host' -HostProfileId 'Microsoft.VSCode' -HostVersion '2025.4.0' -BundledModulesPath 'c:\Users\User\.vscode\extensions\ms-vscode.powershell-2025.4.0\modules' -EnableConsoleRepl -StartupBanner "PowerShell Extension v2025.4.0
Copyright (c) Microsoft Corporation.

https://aka.ms/vscode-powershell
Type 'help' to get help.
" -LogLevel 'Warning' -LogPath 'c:\Users\User\AppData\Roaming\Code\logs\20260519T160224\window1\exthost\ms-vscode.powershell' -SessionDetailsPath 'c:\Users\User\AppData\Roaming\Code\User\globalStorage\ms-vscode.powershell\sessions\PSES-VSCode-1212-512716.json' -FeatureFlags @() 
Process ID: 7284
PSVersion: 7.6.1
PSEdition: Core
GitCommitId: 7.6.1
OS: Microsoft Windows 10.0.19045
Platform: Win32NT
PSCompatibleVersions: 1.0, 2.0, 3.0, 4.0, 5.0, 5.1, 6.0, 7.0
PSRemotingProtocolVersion: 2.4
SerializationVersion: 1.1.0.1
WSManStackVersion: 3.0
**********************
Transcript started, output file is C:\AzureLab\labs\week2-advanced-networking-load-balancer\logs\deploy-20260519-194820.log
Creating virtual network and subnets...
Virtual network created successfully.
Creating Network Security Group...
NSG created successfully.
Associating NSG with web subnet...
NSG associated with web subnet.
Attempting to deploy vm-web-01 with size Standard_B1ms...
WARNING: Upcoming breaking changes in the cmdlet 'New-AzVM' :
The default VM size will change from 'Standard_D2s_v3' to 'Standard_D2s_v5'.
- This change will take effect on '11/1/2025'
- The change is expected to take effect in Az version : '15.0.0'
- The change is expected to take effect in Az.Compute version : '11.0.0'
Note : Go to https://aka.ms/azps-changewarnings for steps to suppress this breaking change warning, and other information on breaking changes in Azure PowerShell.
You can reference https://aka.ms/findImagePS on how to find VM Images using PowerShell.
>> TerminatingError(New-AzVM): "The running command stopped because the preference variable "ErrorActionPreference" or common parameter is set to Stop: The requested VM size for resource 'Following SKUs have failed for Capacity Restrictions: Standard_B1ms' is currently not available in location 'uksouth'. Please try another size or deploy to a different location or different zone. See https://aka.ms/azureskunotavailable for details."
Failed with size Standard_B1ms: The requested VM size for resource 'Following SKUs have failed for Capacity Restrictions: Standard_B1ms' is currently not available in location 'uksouth'. Please try another size or deploy to a different location or different zone. See https://aka.ms/azureskunotavailable for details.
Attempting to deploy vm-web-01 with size Standard_B1s...
WARNING: Upcoming breaking changes in the cmdlet 'New-AzVM' :
The default VM size will change from 'Standard_D2s_v3' to 'Standard_D2s_v5'.
- This change will take effect on '11/1/2025'
- The change is expected to take effect in Az version : '15.0.0'
- The change is expected to take effect in Az.Compute version : '11.0.0'
Note : Go to https://aka.ms/azps-changewarnings for steps to suppress this breaking change warning, and other information on breaking changes in Azure PowerShell.
You can reference https://aka.ms/findImagePS on how to find VM Images using PowerShell.
>> TerminatingError(New-AzVM): "The running command stopped because the preference variable "ErrorActionPreference" or common parameter is set to Stop: The requested VM size for resource 'Following SKUs have failed for Capacity Restrictions: Standard_B1s' is currently not available in location 'uksouth'. Please try another size or deploy to a different location or different zone. See https://aka.ms/azureskunotavailable for details."
Failed with size Standard_B1s: The requested VM size for resource 'Following SKUs have failed for Capacity Restrictions: Standard_B1s' is currently not available in location 'uksouth'. Please try another size or deploy to a different location or different zone. See https://aka.ms/azureskunotavailable for details.
Attempting to deploy vm-web-01 with size Standard_B1ls...
WARNING: Upcoming breaking changes in the cmdlet 'New-AzVM' :
The default VM size will change from 'Standard_D2s_v3' to 'Standard_D2s_v5'.
- This change will take effect on '11/1/2025'
- The change is expected to take effect in Az version : '15.0.0'
- The change is expected to take effect in Az.Compute version : '11.0.0'
Note : Go to https://aka.ms/azps-changewarnings for steps to suppress this breaking change warning, and other information on breaking changes in Azure PowerShell.
You can reference https://aka.ms/findImagePS on how to find VM Images using PowerShell.
>> TerminatingError(New-AzVM): "The running command stopped because the preference variable "ErrorActionPreference" or common parameter is set to Stop: The requested VM size for resource 'Following SKUs have failed for Capacity Restrictions: Standard_B1ls' is currently not available in location 'uksouth'. Please try another size or deploy to a different location or different zone. See https://aka.ms/azureskunotavailable for details."
Failed with size Standard_B1ls: The requested VM size for resource 'Following SKUs have failed for Capacity Restrictions: Standard_B1ls' is currently not available in location 'uksouth'. Please try another size or deploy to a different location or different zone. See https://aka.ms/azureskunotavailable for details.
PS>TerminatingError(): "Unable to deploy vm-web-01. All VM sizes failed."
>> TerminatingError(deploy.ps1): "The running command stopped because the preference variable "ErrorActionPreference" or common parameter is set to Stop: Unable to deploy vm-web-01. All VM sizes failed."
**********************
PowerShell transcript end
End time: 20260519194905
**********************
