**********************
PowerShell transcript start
Start time: 20260515193330
Username: DESKTOP-EUTV28M\User
RunAs User: DESKTOP-EUTV28M\User
Configuration Name: 
Machine: DESKTOP-EUTV28M (Microsoft Windows NT 10.0.19045.0)
Host Application: C:\Program Files\PowerShell\7\pwsh.dll -NoProfile -ExecutionPolicy Bypass -Command Import-Module 'c:\Users\User\.vscode\extensions\ms-vscode.powershell-2025.4.0\modules\PowerShellEditorServices\PowerShellEditorServices.psd1'; Start-EditorServices -HostName 'Visual Studio Code Host' -HostProfileId 'Microsoft.VSCode' -HostVersion '2025.4.0' -BundledModulesPath 'c:\Users\User\.vscode\extensions\ms-vscode.powershell-2025.4.0\modules' -EnableConsoleRepl -StartupBanner "PowerShell Extension v2025.4.0
Copyright (c) Microsoft Corporation.

https://aka.ms/vscode-powershell
Type 'help' to get help.
" -LogLevel 'Warning' -LogPath 'c:\Users\User\AppData\Roaming\Code\logs\20260515T112459\window1\exthost\ms-vscode.powershell' -SessionDetailsPath 'c:\Users\User\AppData\Roaming\Code\User\globalStorage\ms-vscode.powershell\sessions\PSES-VSCode-6744-891078.json' -FeatureFlags @() 
Process ID: 13172
PSVersion: 7.6.1
PSEdition: Core
GitCommitId: 7.6.1
OS: Microsoft Windows 10.0.19045
Platform: Win32NT
PSCompatibleVersions: 1.0, 2.0, 3.0, 4.0, 5.0, 5.1, 6.0, 7.0
PSRemotingProtocolVersion: 2.4
SerializationVersion: 1.1.0.1
WSManStackVersion: 3.0
**********************
Transcript started, output file is ./logs/deploy-20260515-193330.log
Creating resource group...
PS>TerminatingError(New-AzResourceGroup): "The running command stopped because the preference variable "ErrorActionPreference" or common parameter is set to Stop: Your Azure credentials have not been set up or have expired, please run Connect-AzAccount to set up your Azure credentials.
Authentication failed against tenant 1e4b1128-246d-420f-b140-a7ebee0c6987. User interaction is required. This may be due to the conditional access policy settings such as multi-factor authentication (MFA). If you need to access subscriptions in that tenant, please rerun 'Connect-AzAccount' with additional parameter '-TenantId 1e4b1128-246d-420f-b140-a7ebee0c6987'."
>> TerminatingError(New-AzResourceGroup): "The running command stopped because the preference variable "ErrorActionPreference" or common parameter is set to Stop: Your Azure credentials have not been set up or have expired, please run Connect-AzAccount to set up your Azure credentials.
Authentication failed against tenant 1e4b1128-246d-420f-b140-a7ebee0c6987. User interaction is required. This may be due to the conditional access policy settings such as multi-factor authentication (MFA). If you need to access subscriptions in that tenant, please rerun 'Connect-AzAccount' with additional parameter '-TenantId 1e4b1128-246d-420f-b140-a7ebee0c6987'."
>> TerminatingError(deploy.ps1): "The running command stopped because the preference variable "ErrorActionPreference" or common parameter is set to Stop: Your Azure credentials have not been set up or have expired, please run Connect-AzAccount to set up your Azure credentials.
Authentication failed against tenant 1e4b1128-246d-420f-b140-a7ebee0c6987. User interaction is required. This may be due to the conditional access policy settings such as multi-factor authentication (MFA). If you need to access subscriptions in that tenant, please rerun 'Connect-AzAccount' with additional parameter '-TenantId 1e4b1128-246d-420f-b140-a7ebee0c6987'."
**********************
PowerShell transcript end
End time: 20260515193330
**********************
